200;Водка;1;0
211;Ликеро-водочные изделия с содержанием этилового спирта до 25% включительно;6;0
212;Ликероводочные изделия с содержанием этилового спирта свыше 25 %;2;0
230;Коньяки;12;0
231;Коньяки обработанные;19;0
241;Напитки коньячные, бренди с содержанием этилового спирта до 25% включительно;7;0
242;Напитки коньячные, бренди с содержанием этилового спирта свыше 25%;3;0
250;Напитки винные с содержанием этилового спирта до 25% включительно;8;0
251;Напитки винные с содержанием этилового спирта свыше 25%;4;0
260;Слабоалкогольная продукция;18;0
270;Другие спиртные напитки с содержанием этилового спирта до 25% включительно;9;0
280;Другие спиртные напитки с содержанием этилового спирта свыше 25%;5;0
400;Вина натуральные;14;0
410;Вина (за исключением натуральных и нетрадиционных);10;0
420;Вина нетрадиционные некрепленые;15;0
430;Вина нетрадиционные крепленые;11;0
440;Вина игристые;16;0
450;Вина шампанские;17;0
