031;Спирт этиловый из головной фракции этилового спирта;95;0
071;Биоэтанол из пищевого сырья;96;0
081;Биоэтанол из непищевого сырья;97;0
161;Фруктовый (плодовый) дистиллят;98;0
180;Зерновой дистиллят;99;0
190;Другие дистилляты;100;0 
200;Водка;21;0
211;Ликероводочные изделия с содержанием  этилового спирта до 25% включительно;22;0
212;Ликероводочные изделия с содержанием  этилового спирта свыше 25%;23;0
229;Коньяк и арманьяк, реализуемые в бутылках;24;0
230;Коньяки, реализуемые в бутылках (*);25;0
231;Коньяки обработанные, предназначенные для  отгрузки с целью розлива на других предприятиях или промпереработки;26;0
232;Бренди;27;0
233;Коньяк с защищенным географическим указанием;72;0
234;Коньяк с защищенным наименованием места происхождения;73;0
235;Коньяк коллекционный;74;0
236;Ромы;75;0
237;Виски;76;0
238;Напитки коньячные с содержанием  этилового спирта до 25% включительно;28;0
239;Напитки коньячные  с содержанием  этилового спирта свыше 25%;29;0
241;Напитки коньячные, бренди с содержанием  этилового спирта до 25%  включительно  (*);30;0
242;Напитки коньячные, бренди с содержанием  этилового спирта свыше 25%  (*);31;0
250;Напитки винные с содержанием этилового спирта до 25% включительно  (*);32;0
251;Напитки винные с содержанием этилового спирта свыше 25%  (*);33;0
252;Кальвадос;34;0
260;Слабоалкогольная продукция;35;0
261;Сидр;72;0
262;Пуаре;73;0
263;Медовуха;74;0
270;Другие спиртные напитки с содержанием этилового спирта до 25%  включительно;36;0
280;Другие спиртные напитки с содержанием этилового спирта свыше 25%;37;0
300;Коньячные спирты  (*);38;0
310;Кальвадосные спирты   (*);39;0
320;Виноматериалы (*);40;0
321;Виноматериалы виноградные;41;0
322;Виноматериалы фруктовые (плодовые);42;0
323;Специальные виноматериалы виноградные;101;0
324;Специальные виноматериалы фруктовые (плодовые);102;0
330;Соки спиртованные;43;0
331;Соки сброженно-спиртованные;44;0
340;Дистилляты (*);45;0
341;Фруктовое сусло;46;0
342;Медовое сусло;47;0
343;Пивное сусло;48;0
344;Виноградное сусло;49;0
345;Спиртованное виноградное сусло (мистель);103;0
346;Спиртованное фруктовое сусло;104;0
350;Другая спиртосодержащая пищевая продукция;50;0
400;Вина натуральные  (*);51;0
401;Вино (виноградное);52;0
402;Вино с защищенным географическим указанием или с защищенным наименованием места происхождения;53;0
403;Вино (виноградное столовое);54;0
404;Вино с защищенным географическим указанием;77;0
405;Вино с защищенным наименованием места происхождения;78;0
406;Вино коллекционное виноградное;79;0
410;Вина (за исключением натуральных, игристых и шампанских) (*);55;0
411;Ликерное вино;56;0
412;Ликерное вино с защищенным географическим указанием;80;0
413;Ликерное вино с защищенным наименованием места происхождения;81;0
414;Вино (столовое) с защищенным географическим указанием;82;0
415;Вино (столовое) с защищенным наименованием места происхождения;83;0
416;Вино (столовое) коллекционное;84;0
420;Вина плодовые (*);57;0
421;Фруктовое (плодовое) вино;58;0
422;Вино коллекционное фруктовое;85;0
430;Вино специальное с защищенным географическим указанием;86;0
431;Вино специальное с защищенным наименованием места происхождения;87;0
432;Вино ароматизированное виноградное;88;0
440;Вина игристые;59;0
441;Вина игристые с защищенным географическим указанием;89;0
442;Вина игристые с защищенным наименованием места происхождения;90;0
443;Вина игристые коллекционные;91;0
450;Вина шампанские;60;0
451;Вина шампанские с защищенным географическим указанием;92;0
452;Вина шампанские с защищенным наименованием места происхождения;93;0
453;Вина шампанские коллекционные;94;0
460;Другие вина (*);61;0
461;Винный напиток, произведенный без добавления этилового спирта;62;0
462;Винный напиток, произведенный с добавлением этилового спирта;63;0
481;Парфюмерно-косметическая продукция;64;0
482;Товары бытовой химии;65;0
483;Спиртосодержащие растворы;66;0
484;Другая спиртосодержащая непищевая продукция;67;0
485;Денатурированная спиртосодержащая непищевая продукция;68;0
500;Пиво с содержанием объемной доли этилового спирта свыше 0,5% и до 8,6% включительно;69;0
510;Пиво с содержанием объемной доли этилового спирта свыше 8,6%;70;0
520;Напитки, изготавливаемые на основе пива;71;0
